5>git clone https://github.com/asalber/libro-git
Cloning into 'libro-git'...
remote: Enumerating objects: 42, done.
remote: Counting objects: 100% (6/6), done.
remote: Compressing objects: 100% (4/4), done.
remote: Total 42 (delta 2), reused 2 (delta 2), pack-reused 36
Receiving objects: 100% (42/42), 4.55 KiB | 4.55 MiB/s, done.
Resolving deltas: 100% (8/8), done.

C:\Users\EQ4205>cd libro-git

C:\Users\EQ4205\libro-git>git reset --hard 48ed8
HEAD is now at 48ed886 Añadido capítulo 5 al índice.

C:\Users\EQ4205\libro-git>git remote remove origin

C:\Users\EQ4205\libro-git>git branch bibliografia

C:\Users\EQ4205\libro-git>git branch
  bibliografia
* master

C:\Users\EQ4205\libro-git>mkdir capitulos
Ya existe el subdirectorio o el archivo capitulos.

C:\Users\EQ4205\libro-git>echo "Texto del capitulo 4" > capitulos/capitulo4.txt

C:\Users\EQ4205\libro-git>git add capitulos/capitulo4.txt

C:\Users\EQ4205\libro-git>git commit -m "Añadido capitulo 4."
[master 9662038] Añadido capitulo 4.
 1 file changed, 1 insertion(+)
 create mode 100644 capitulos/capitulo4.txt

C:\Users\EQ4205\libro-git>git log --all --graph --oneline
* 9662038 (HEAD -> master) Añadido capitulo 4.
* 48ed886 (bibliografia) Añadido capítulo 5 al índice.
* 34779bb Añadido capítulo 3.
* fb7debc Añadido capítulo 2.
* 0244283 Añadido capítulo 1.
* 8c80810 Añadido capítulo 3 sobre gestión de ramas al índice.
* bd7f788 Añadido índice del libro.

C:\Users\EQ4205\libro-git>git checkout bibliografia
Switched to branch 'bibliografia'

C:\Users\EQ4205\libro-git>echo "Chacon, S. and Straub, B. Pro Git. Apress."> bibliografia

C:\Users\EQ4205\libro-git>echo "Chacon, S. and Straub, B. Pro Git. Apress."> bibliografia.txt

C:\Users\EQ4205\libro-git>git add bibliografia.txt

C:\Users\EQ4205\libro-git>git commit -m "Añadida primera referencia bibliografica."
[bibliografia d7f9811] Añadida primera referencia bibliografica.
 1 file changed, 1 insertion(+)
 create mode 100644 bibliografia.txt

C:\Users\EQ4205\libro-git>git log --all --graph --oneline
* d7f9811 (HEAD -> bibliografia) Añadida primera referencia bibliografica.
| * 9662038 (master) Añadido capitulo 4.
|/
* 48ed886 Añadido capítulo 5 al índice.
* 34779bb Añadido capítulo 3.
* fb7debc Añadido capítulo 2.
* 0244283 Añadido capítulo 1.
* 8c80810 Añadido capítulo 3 sobre gestión de ramas al índice.
* bd7f788 Añadido índice del libro.

C:\Users\EQ4205\libro-git>git checkout master
Switched to branch 'master'

C:\Users\EQ4205\libro-git>git merge bibliografia
Merge made by the 'ort' strategy.
 bibliografia.txt | 1 +
 1 file changed, 1 insertion(+)
 create mode 100644 bibliografia.txt

C:\Users\EQ4205\libro-git>git log --all --graph -oneline
fatal: unrecognized argument: -oneline

C:\Users\EQ4205\libro-git>git branch -d bibliografia
Deleted branch bibliografia (was d7f9811).

C:\Users\EQ4205\libro-git>git log --all --graph --oneline
*   c207c53 (HEAD -> master) Merge branch 'bibliografia'
|\
| * d7f9811 Añadida primera referencia bibliografica.
* | 9662038 Añadido capitulo 4.
|/
* 48ed886 Añadido capítulo 5 al índice.
* 34779bb Añadido capítulo 3.
* fb7debc Añadido capítulo 2.
* 0244283 Añadido capítulo 1.
* 8c80810 Añadido capítulo 3 sobre gestión de ramas al índice.
* bd7f788 Añadido índice del libro.

C:\Users\EQ4205\libro-git>git branch bibliografia

C:\Users\EQ4205\libro-git>git checkout bibliografia
Switched to branch 'bibliografia'

C:\Users\EQ4205\libro-git>echo "Scott Chacon and Ben Straub. Pro Git. Apress." > bibliografia.txt

C:\Users\EQ4205\libro-git>echo "Ryan Hodson. Ry's Git Tutorial. Smashwords (2014)" >> bibliografia.txt

C:\Users\EQ4205\libro-git>git add bibliografia.txt

C:\Users\EQ4205\libro-git>git commit -m "Añadida nueva referencia bibliografica."
[bibliografia 07ca63d] Añadida nueva referencia bibliografica.
 1 file changed, 2 insertions(+), 1 deletion(-)

C:\Users\EQ4205\libro-git>git checkout master
Switched to branch 'master'

C:\Users\EQ4205\libro-git>echo "Loeliger, J. and McCullough, M. Version control with Git. 0'Reilly." > bibliografia.txt

C:\Users\EQ4205\libro-git>git add bibliografia.txt

C:\Users\EQ4205\libro-git>git commit -m "Añadida nueva referencia bibliografica."
[master 028e6d4] Añadida nueva referencia bibliografica.
 1 file changed, 1 insertion(+), 1 deletion(-)

C:\Users\EQ4205\libro-git>git checkout master
Already on 'master'

C:\Users\EQ4205\libro-git>git merge bibliografia
Auto-merging bibliografia.txt
CONFLICT (content): Merge conflict in bibliografia.txt
Automatic merge failed; fix conflicts and then commit the result.

C:\Users\EQ4205\libro-git>git add bibliografia.txt

C:\Users\EQ4205\libro-git>git commit -m "Resuelto conflicto de bibliografia."
[master 34c6178] Resuelto conflicto de bibliografia.

C:\Users\EQ4205\libro-git>git log --all --graph --oneline
*   34c6178 (HEAD -> master) Resuelto conflicto de bibliografia.
|\
| * 07ca63d (bibliografia) Añadida nueva referencia bibliografica.
* | 028e6d4 Añadida nueva referencia bibliografica.
|/
*   c207c53 Merge branch 'bibliografia'
|\
| * d7f9811 Añadida primera referencia bibliografica.
* | 9662038 Añadido capitulo 4.
|/
* 48ed886 Añadido capítulo 5 al índice.
* 34779bb Añadido capítulo 3.
* fb7debc Añadido capítulo 2.
* 0244283 Añadido capítulo 1.
* 8c80810 Añadido capítulo 3 sobre gestión de ramas al índice.
* bd7f788 Añadido índice del libro.

C:\Users\EQ4205\libro-git>