
EQ4205@DESKTOP-EHS0JB7 MINGW64 ~ (master)
$ git config --global user.name "[Jorge Diaz]"

EQ4205@DESKTOP-EHS0JB7 MINGW64 ~ (master)
$ git config --global user.email "[jorgediazherrero2712@gmail.com]"

EQ4205@DESKTOP-EHS0JB7 MINGW64 ~ (master)
$ git config --global color.ui auto


EQ4205@DESKTOP-EHS0JB7 MINGW64 ~
$ git log
fatal: not a git repository (or any of the parent directories): .git

EQ4205@DESKTOP-EHS0JB7 MINGW64 ~
$ mkdir
mkdir: missing operand
Try 'mkdir --help' for more information.

EQ4205@DESKTOP-EHS0JB7 MINGW64 ~
$ git init
Initialized empty Git repository in C:/Users/EQ4205/.git/

EQ4205@DESKTOP-EHS0JB7 MINGW64 ~ (master)
$ mkdir libro

EQ4205@DESKTOP-EHS0JB7 MINGW64 ~ (master)
$ cd libro

EQ4205@DESKTOP-EHS0JB7 MINGW64 ~/libro (master)
$ git status
warning: could not open directory 'AppData/Local/Archivos temporales de Internet/': Permission denied
warning: could not open directory 'Configuración local/': Permission denied
warning: could not open directory 'Cookies/': Permission denied
warning: could not open directory 'Datos de programa/': Permission denied
warning: could not open directory 'Entorno de red/': Permission denied
warning: could not open directory 'Impresoras/': Permission denied
warning: could not open directory 'Menú Inicio/': Permission denied
warning: could not open directory 'Mis documentos/': Permission denied
warning: could not open directory 'Plantillas/': Permission denied
warning: could not open directory 'Reciente/': Permission denied
warning: could not open directory 'SendTo/': Permission denied
On branch master

No commits yet

Untracked files:
  (use "git add <file>..." to include in what will be committed)
        ../.VirtualBox/
        ../.bash_history
        ../.cache/
        ../.config/
        ../.dia/
        ../.eclipse/
        ../.gitconfig
        ../.nbi/
        ../.p2/
        ../.vscode/
        ../3D Objects/
        ../AppData/
        ../Contacts/
        ../Desktop/
        ../Documents/
        ../Downloads/
        ../Favorites/
        ../IdeaProjects/
        ../IntelGraphicsProfiles/
        ../Links/
        ../Music/
        ../NTUSER.DAT
        ../NTUSER.DAT{d0bea636-839e-11ee-a4ac-900763b2ebf0}.TM.blf
        ../NTUSER.DAT{d0bea636-839e-11ee-a4ac-900763b2ebf0}.TMContainer00000000000000000001.regtrans-ms
        ../NTUSER.DAT{d0bea636-839e-11ee-a4ac-900763b2ebf0}.TMContainer00000000000000000002.regtrans-ms
        ../OneDrive/
        ../Pictures/
        ../Saved Games/
        ../Searches/
        ../Videos/
        ../VirtualBox VMs/
        ../eclipse-workspace/
        ../eclipse/
        ../git/
        ../mercurial.ini
        ../ntuser.dat.LOG1
        ../ntuser.dat.LOG2
        ../ntuser.ini

nothing added to commit but untracked files present (use "git add" to track)

EQ4205@DESKTOP-EHS0JB7 MINGW64 ~/libro (master)
$ echo fichero.txt
fichero.txt

EQ4205@DESKTOP-EHS0JB7 MINGW64 ~/libro (master)
$ echo "Capitulo 1: Introduccion a Git" >> fichero.txt

EQ4205@DESKTOP-EHS0JB7 MINGW64 ~/libro (master)
$ echo "Capitulo 2: Flujo de treabajo basico">> fichero.txt

EQ4205@DESKTOP-EHS0JB7 MINGW64 ~/libro (master)
$ echo "Capitulo 3: Repositorios remotos">> fichero.txt

EQ4205@DESKTOP-EHS0JB7 MINGW64 ~/libro (master)
$ git status
warning: could not open directory 'AppData/Local/Archivos temporales de Internet/': Permission denied
warning: could not open directory 'Configuración local/': Permission denied
warning: could not open directory 'Cookies/': Permission denied
warning: could not open directory 'Datos de programa/': Permission denied
warning: could not open directory 'Entorno de red/': Permission denied
warning: could not open directory 'Impresoras/': Permission denied
warning: could not open directory 'Menú Inicio/': Permission denied
warning: could not open directory 'Mis documentos/': Permission denied
warning: could not open directory 'Plantillas/': Permission denied
warning: could not open directory 'Reciente/': Permission denied
warning: could not open directory 'SendTo/': Permission denied
On branch master

No commits yet

Untracked files:
  (use "git add <file>..." to include in what will be committed)
        ../.VirtualBox/
        ../.bash_history
        ../.cache/
        ../.config/
        ../.dia/
        ../.eclipse/
        ../.gitconfig
        ../.nbi/
        ../.p2/
        ../.vscode/
        ../3D Objects/
        ../AppData/
        ../Contacts/
        ../Desktop/
        ../Documents/
        ../Downloads/
        ../Favorites/
        ../IdeaProjects/
        ../IntelGraphicsProfiles/
        ../Links/
        ../Music/
        ../NTUSER.DAT
        ../NTUSER.DAT{d0bea636-839e-11ee-a4ac-900763b2ebf0}.TM.blf
        ../NTUSER.DAT{d0bea636-839e-11ee-a4ac-900763b2ebf0}.TMContainer00000000000000000001.regtrans-ms
        ../NTUSER.DAT{d0bea636-839e-11ee-a4ac-900763b2ebf0}.TMContainer00000000000000000002.regtrans-ms
        ../OneDrive/
        ../Pictures/
        ../Saved Games/
        ../Searches/
        ../Videos/
        ../VirtualBox VMs/
        ../eclipse-workspace/
        ../eclipse/
        ../git/
        ./
        ../mercurial.ini
        ../ntuser.dat.LOG1
        ../ntuser.dat.LOG2
        ../ntuser.ini

nothing added to commit but untracked files present (use "git add" to track)

EQ4205@DESKTOP-EHS0JB7 MINGW64 ~/libro (master)
$ git add
Nothing specified, nothing added.
hint: Maybe you wanted to say 'git add .'?
hint: Turn this message off by running
hint: "git config advice.addEmptyPathspec false"

EQ4205@DESKTOP-EHS0JB7 MINGW64 ~/libro (master)
$ git status
warning: could not open directory 'AppData/Local/Archivos temporales de Internet/': Permission denied
warning: could not open directory 'Configuración local/': Permission denied
warning: could not open directory 'Cookies/': Permission denied
warning: could not open directory 'Datos de programa/': Permission denied
warning: could not open directory 'Entorno de red/': Permission denied
warning: could not open directory 'Impresoras/': Permission denied
warning: could not open directory 'Menú Inicio/': Permission denied
warning: could not open directory 'Mis documentos/': Permission denied
warning: could not open directory 'Plantillas/': Permission denied
warning: could not open directory 'Reciente/': Permission denied
warning: could not open directory 'SendTo/': Permission denied
On branch master

No commits yet

Untracked files:
  (use "git add <file>..." to include in what will be committed)
        ../.VirtualBox/
        ../.bash_history
        ../.cache/
        ../.config/
        ../.dia/
        ../.eclipse/
        ../.gitconfig
        ../.nbi/
        ../.p2/
        ../.vscode/
        ../3D Objects/
        ../AppData/
        ../Contacts/
        ../Desktop/
        ../Documents/
        ../Downloads/
        ../Favorites/
        ../IdeaProjects/
        ../IntelGraphicsProfiles/
        ../Links/
        ../Music/
        ../NTUSER.DAT
        ../NTUSER.DAT{d0bea636-839e-11ee-a4ac-900763b2ebf0}.TM.blf
        ../NTUSER.DAT{d0bea636-839e-11ee-a4ac-900763b2ebf0}.TMContainer00000000000000000001.regtrans-ms
        ../NTUSER.DAT{d0bea636-839e-11ee-a4ac-900763b2ebf0}.TMContainer00000000000000000002.regtrans-ms
        ../OneDrive/
        ../Pictures/
        ../Saved Games/
        ../Searches/
        ../Videos/
        ../VirtualBox VMs/
        ../eclipse-workspace/
        ../eclipse/
        ../git/
        ./
        ../mercurial.ini
        ../ntuser.dat.LOG1
        ../ntuser.dat.LOG2
        ../ntuser.ini

nothing added to commit but untracked files present (use "git add" to track)

EQ4205@DESKTOP-EHS0JB7 MINGW64 ~/libro (master)
$ git add fichero.txt
warning: in the working copy of 'libro/fichero.txt', LF will be replaced by CRLF the next time Git touches it

EQ4205@DESKTOP-EHS0JB7 MINGW64 ~/libro (master)
$ git status
warning: could not open directory 'AppData/Local/Archivos temporales de Internet/': Permission denied
warning: could not open directory 'Configuración local/': Permission denied
warning: could not open directory 'Cookies/': Permission denied
warning: could not open directory 'Datos de programa/': Permission denied
warning: could not open directory 'Entorno de red/': Permission denied
warning: could not open directory 'Impresoras/': Permission denied
warning: could not open directory 'Menú Inicio/': Permission denied
warning: could not open directory 'Mis documentos/': Permission denied
warning: could not open directory 'Plantillas/': Permission denied
warning: could not open directory 'Reciente/': Permission denied
warning: could not open directory 'SendTo/': Permission denied
On branch master

No commits yet

Changes to be committed:
  (use "git rm --cached <file>..." to unstage)
        new file:   fichero.txt

Untracked files:
  (use "git add <file>..." to include in what will be committed)
        ../.VirtualBox/
        ../.bash_history
        ../.cache/
        ../.config/
        ../.dia/
        ../.eclipse/
        ../.gitconfig
        ../.nbi/
        ../.p2/
        ../.vscode/
        ../3D Objects/
        ../AppData/
        ../Contacts/
        ../Desktop/
        ../Documents/
        ../Downloads/
        ../Favorites/
        ../IdeaProjects/
        ../IntelGraphicsProfiles/
        ../Links/
        ../Music/
        ../NTUSER.DAT
        ../NTUSER.DAT{d0bea636-839e-11ee-a4ac-900763b2ebf0}.TM.blf
        ../NTUSER.DAT{d0bea636-839e-11ee-a4ac-900763b2ebf0}.TMContainer00000000000000000001.regtrans-ms
        ../NTUSER.DAT{d0bea636-839e-11ee-a4ac-900763b2ebf0}.TMContainer00000000000000000002.regtrans-ms
        ../OneDrive/
        ../Pictures/
        ../Saved Games/
        ../Searches/
        ../Videos/
        ../VirtualBox VMs/
        ../eclipse-workspace/
        ../eclipse/
        ../git/
        ../mercurial.ini
        ../ntuser.dat.LOG1
        ../ntuser.dat.LOG2
        ../ntuser.ini


EQ4205@DESKTOP-EHS0JB7 MINGW64 ~/libro (master)
$ git commit -m "Añadido indice del libro"
[master (root-commit) af74dec] Añadido indice del libro
 1 file changed, 3 insertions(+)
 create mode 100644 libro/fichero.txt

EQ4205@DESKTOP-EHS0JB7 MINGW64 ~/libro (master)
$ echo "Capitulo 4: Repositorio remotos" >> fichero.txt

EQ4205@DESKTOP-EHS0JB7 MINGW64 ~/libro (master)
$ git commit -m "Añadido capitulo 3 sobre gestion de ramas"
warning: could not open directory 'AppData/Local/Archivos temporales de Internet/': Permission denied
warning: could not open directory 'Configuración local/': Permission denied
warning: could not open directory 'Cookies/': Permission denied
warning: could not open directory 'Datos de programa/': Permission denied
warning: could not open directory 'Entorno de red/': Permission denied
warning: could not open directory 'Impresoras/': Permission denied
warning: could not open directory 'Menú Inicio/': Permission denied
warning: could not open directory 'Mis documentos/': Permission denied
warning: could not open directory 'Plantillas/': Permission denied
warning: could not open directory 'Reciente/': Permission denied
warning: could not open directory 'SendTo/': Permission denied
On branch master
Changes not staged for commit:
  (use "git add <file>..." to update what will be committed)
  (use "git restore <file>..." to discard changes in working directory)
        modified:   fichero.txt

Untracked files:
  (use "git add <file>..." to include in what will be committed)
        ../.VirtualBox/
        ../.bash_history
        ../.cache/
        ../.config/
        ../.dia/
        ../.eclipse/
        ../.gitconfig
        ../.nbi/
        ../.p2/
        ../.vscode/
        ../3D Objects/
        ../AppData/
        ../Contacts/
        ../Desktop/
        ../Documents/
        ../Downloads/
        ../Favorites/
        ../IdeaProjects/
        ../IntelGraphicsProfiles/
        ../Links/
        ../Music/
        ../NTUSER.DAT
        ../NTUSER.DAT{d0bea636-839e-11ee-a4ac-900763b2ebf0}.TM.blf
        ../NTUSER.DAT{d0bea636-839e-11ee-a4ac-900763b2ebf0}.TMContainer00000000000000000001.regtrans-ms
        ../NTUSER.DAT{d0bea636-839e-11ee-a4ac-900763b2ebf0}.TMContainer00000000000000000002.regtrans-ms
        ../OneDrive/
        ../Pictures/
        ../Saved Games/
        ../Searches/
        ../Videos/
        ../VirtualBox VMs/
        ../eclipse-workspace/
        ../eclipse/
        ../git/
        ../mercurial.ini
        ../ntuser.dat.LOG1
        ../ntuser.dat.LOG2
        ../ntuser.ini

no changes added to commit (use "git add" and/or "git commit -a")

EQ4205@DESKTOP-EHS0JB7 MINGW64 ~/libro (master)
$ git commit -m "Añadido capitulo 3 sobre gestion de ramas"
warning: could not open directory 'AppData/Local/Archivos temporales de Internet/': Permission denied
warning: could not open directory 'Configuración local/': Permission denied
warning: could not open directory 'Cookies/': Permission denied
warning: could not open directory 'Datos de programa/': Permission denied
warning: could not open directory 'Entorno de red/': Permission denied
warning: could not open directory 'Impresoras/': Permission denied
warning: could not open directory 'Menú Inicio/': Permission denied
warning: could not open directory 'Mis documentos/': Permission denied
warning: could not open directory 'Plantillas/': Permission denied
warning: could not open directory 'Reciente/': Permission denied
warning: could not open directory 'SendTo/': Permission denied
On branch master
Changes not staged for commit:
  (use "git add <file>..." to update what will be committed)
  (use "git restore <file>..." to discard changes in working directory)
        modified:   fichero.txt

Untracked files:
  (use "git add <file>..." to include in what will be committed)
        ../.VirtualBox/
        ../.bash_history
        ../.cache/
        ../.config/
        ../.dia/
        ../.eclipse/
        ../.gitconfig
        ../.nbi/
        ../.p2/
        ../.vscode/
        ../3D Objects/
        ../AppData/
        ../Contacts/
        ../Desktop/
        ../Documents/
        ../Downloads/
        ../Favorites/
        ../IdeaProjects/
        ../IntelGraphicsProfiles/
        ../Links/
        ../Music/
        ../NTUSER.DAT
        ../NTUSER.DAT{d0bea636-839e-11ee-a4ac-900763b2ebf0}.TM.blf
        ../NTUSER.DAT{d0bea636-839e-11ee-a4ac-900763b2ebf0}.TMContainer00000000000000000001.regtrans-ms
        ../NTUSER.DAT{d0bea636-839e-11ee-a4ac-900763b2ebf0}.TMContainer00000000000000000002.regtrans-ms
        ../OneDrive/
        ../Pictures/
        ../Saved Games/
        ../Searches/
        ../Videos/
        ../VirtualBox VMs/
        ../eclipse-workspace/
        ../eclipse/
        ../git/
        ../mercurial.ini
        ../ntuser.dat.LOG1
        ../ntuser.dat.LOG2
        ../ntuser.ini

no changes added to commit (use "git add" and/or "git commit -a")

EQ4205@DESKTOP-EHS0JB7 MINGW64 ~/libro (master)
$ git commit -m "Añadido capitulo 3 sobre gestion de ramas al indice"
warning: could not open directory 'AppData/Local/Archivos temporales de Internet/': Permission denied
warning: could not open directory 'Configuración local/': Permission denied
warning: could not open directory 'Cookies/': Permission denied
warning: could not open directory 'Datos de programa/': Permission denied
warning: could not open directory 'Entorno de red/': Permission denied
warning: could not open directory 'Impresoras/': Permission denied
warning: could not open directory 'Menú Inicio/': Permission denied
warning: could not open directory 'Mis documentos/': Permission denied
warning: could not open directory 'Plantillas/': Permission denied
warning: could not open directory 'Reciente/': Permission denied
warning: could not open directory 'SendTo/': Permission denied
On branch master
Changes not staged for commit:
  (use "git add <file>..." to update what will be committed)
  (use "git restore <file>..." to discard changes in working directory)
        modified:   fichero.txt

Untracked files:
  (use "git add <file>..." to include in what will be committed)
        ../.VirtualBox/
        ../.bash_history
        ../.cache/
        ../.config/
        ../.dia/
        ../.eclipse/
        ../.gitconfig
        ../.nbi/
        ../.p2/
        ../.vscode/
        ../3D Objects/
        ../AppData/
        ../Contacts/
        ../Desktop/
        ../Documents/
        ../Downloads/
        ../Favorites/
        ../IdeaProjects/
        ../IntelGraphicsProfiles/
        ../Links/
        ../Music/
        ../NTUSER.DAT
        ../NTUSER.DAT{d0bea636-839e-11ee-a4ac-900763b2ebf0}.TM.blf
        ../NTUSER.DAT{d0bea636-839e-11ee-a4ac-900763b2ebf0}.TMContainer00000000000000000001.regtrans-ms
        ../NTUSER.DAT{d0bea636-839e-11ee-a4ac-900763b2ebf0}.TMContainer00000000000000000002.regtrans-ms
        ../OneDrive/
        ../Pictures/
        ../Saved Games/
        ../Searches/
        ../Videos/
        ../VirtualBox VMs/
        ../eclipse-workspace/
        ../eclipse/
        ../git/
        ../mercurial.ini
        ../ntuser.dat.LOG1
        ../ntuser.dat.LOG2
        ../ntuser.ini

no changes added to commit (use "git add" and/or "git commit -a")

EQ4205@DESKTOP-EHS0JB7 MINGW64 ~/libro (master)
$ git add fichero.txt
warning: in the working copy of 'libro/fichero.txt', LF will be replaced by CRLF the next time Git touches it

EQ4205@DESKTOP-EHS0JB7 MINGW64 ~/libro (master)
$ git status
warning: could not open directory 'AppData/Local/Archivos temporales de Internet/': Permission denied
warning: could not open directory 'Configuración local/': Permission denied
warning: could not open directory 'Cookies/': Permission denied
warning: could not open directory 'Datos de programa/': Permission denied
warning: could not open directory 'Entorno de red/': Permission denied
warning: could not open directory 'Impresoras/': Permission denied
warning: could not open directory 'Menú Inicio/': Permission denied
warning: could not open directory 'Mis documentos/': Permission denied
warning: could not open directory 'Plantillas/': Permission denied
warning: could not open directory 'Reciente/': Permission denied
warning: could not open directory 'SendTo/': Permission denied
On branch master
Changes to be committed:
  (use "git restore --staged <file>..." to unstage)
        modified:   fichero.txt
